
Gurobi 12.0.2 (linux64, gurobi_cl) logging started Tue Apr 21 22:18:41 2026

Set parameter TokenServer to value "license.ensys.tu-berlin.de"
Set parameter LogFile to value "gurobi.log"
Using license file /home/users/a/agma/gurobi.lic

Gurobi 12.0.2 (linux64, gurobi_cl) logging started Tue Apr 21 22:25:36 2026

Set parameter WLSAccessID
Set parameter WLSSecret
Set parameter LicenseID to value 938810
Set parameter LogFile to value "gurobi.log"
Using license file /home/users/a/agma/gurobi.lic
Academic license 938810 - for non-commercial use only - registered to ag___@tu-berlin.de

Gurobi 12.0.2 (linux64, gurobi_cl) logging started Sat May 23 13:03:36 2026

Set parameter WLSAccessID
Set parameter WLSSecret
Set parameter LicenseID to value 938810
Set parameter LogFile to value "gurobi.log"
Using license file /home/users/a/agma/gurobi.lic
Academic license 938810 - for non-commercial use only - registered to ag___@tu-berlin.de

Gurobi 12.0.2 (linux64, gurobi_cl) logging started Sat May 23 13:05:56 2026

Set parameter WLSAccessID
Set parameter WLSSecret
Set parameter LicenseID to value 938810
Set parameter LogFile to value "gurobi.log"
Using license file /home/users/a/agma/gurobi.lic
Academic license 938810 - for non-commercial use only - registered to ag___@tu-berlin.de

Gurobi 12.0.2 (linux64, gurobi_cl) logging started Sat May 23 13:21:22 2026

Set parameter WLSAccessID
Set parameter WLSSecret
Set parameter LicenseID to value 938810
Set parameter LogFile to value "gurobi.log"
Using license file /home/users/a/agma/gurobi.lic
Academic license 938810 - for non-commercial use only - registered to ag___@tu-berlin.de

Gurobi 12.0.2 (linux64, gurobi_cl) logging started Sat May 23 13:25:26 2026

Set parameter WLSAccessID
Set parameter WLSSecret
Set parameter LicenseID to value 938810
Set parameter LogFile to value "gurobi.log"
Using license file /home/users/a/agma/gurobi.lic
Academic license 938810 - for non-commercial use only - registered to ag___@tu-berlin.de

Gurobi 12.0.2 (linux64, gurobi_cl) logging started Sat May 23 13:29:14 2026

Set parameter WLSAccessID
Set parameter WLSSecret
Set parameter LicenseID to value 938810
Set parameter LogFile to value "gurobi.log"
Using license file /home/users/a/agma/gurobi.lic
Academic license 938810 - for non-commercial use only - registered to ag___@tu-berlin.de

Gurobi 12.0.2 (linux64, gurobi_cl) logging started Sat May 23 13:37:22 2026

Set parameter WLSAccessID
Set parameter WLSSecret
Set parameter LicenseID to value 938810
Set parameter LogFile to value "gurobi.log"
Using license file /home/users/a/agma/gurobi.lic
Academic license 938810 - for non-commercial use only - registered to ag___@tu-berlin.de

Gurobi 12.0.2 (linux64, gurobi_cl) logging started Sat May 23 13:41:25 2026

Set parameter WLSAccessID
Set parameter WLSSecret
Set parameter LicenseID to value 938810
Set parameter LogFile to value "gurobi.log"
Using license file /home/users/a/agma/gurobi.lic
Academic license 938810 - for non-commercial use only - registered to ag___@tu-berlin.de

Gurobi 12.0.2 (linux64, gurobi_cl) logging started Sat May 23 14:03:20 2026

Set parameter WLSAccessID
Set parameter WLSSecret
Set parameter LicenseID to value 938810
Set parameter LogFile to value "gurobi.log"
Using license file /home/users/a/agma/gurobi.lic
Academic license 938810 - for non-commercial use only - registered to ag___@tu-berlin.de

Gurobi 12.0.2 (linux64, gurobi_cl) logging started Wed May 27 22:09:22 2026

Set parameter WLSAccessID
Set parameter WLSSecret
Set parameter LicenseID to value 938810
Set parameter LogFile to value "gurobi.log"
Using license file /home/users/a/agma/gurobi.lic
Academic license 938810 - for non-commercial use only - registered to ag___@tu-berlin.de

Gurobi 12.0.2 (linux64, gurobi_cl) logging started Wed May 27 22:23:21 2026

Set parameter WLSAccessID
Set parameter WLSSecret
Set parameter LicenseID to value 938810
Set parameter LogFile to value "gurobi.log"
Using license file /home/users/a/agma/gurobi.lic
Academic license 938810 - for non-commercial use only - registered to ag___@tu-berlin.de

Gurobi 12.0.2 (linux64, gurobi_cl) logging started Wed May 27 22:26:32 2026

Set parameter WLSAccessID
Set parameter WLSSecret
Set parameter LicenseID to value 938810
Set parameter LogFile to value "gurobi.log"
Using license file /home/users/a/agma/gurobi.lic
Academic license 938810 - for non-commercial use only - registered to ag___@tu-berlin.de

Gurobi 12.0.2 (linux64, gurobi_cl) logging started Wed May 27 22:33:05 2026

Set parameter WLSAccessID
Set parameter WLSSecret
Set parameter LicenseID to value 938810
Set parameter LogFile to value "gurobi.log"
Using license file /home/users/a/agma/gurobi.lic
Academic license 938810 - for non-commercial use only - registered to ag___@tu-berlin.de

Gurobi 12.0.2 (linux64, gurobi_cl) logging started Wed May 27 22:35:47 2026

Set parameter WLSAccessID
Set parameter WLSSecret
Set parameter LicenseID to value 938810
Set parameter LogFile to value "gurobi.log"
Using license file /home/users/a/agma/gurobi.lic
Academic license 938810 - for non-commercial use only - registered to ag___@tu-berlin.de

Gurobi 12.0.2 (linux64, gurobi_cl) logging started Wed May 27 22:41:49 2026

Set parameter WLSAccessID
Set parameter WLSSecret
Set parameter LicenseID to value 938810
Set parameter LogFile to value "gurobi.log"
Using license file /home/users/a/agma/gurobi.lic
Academic license 938810 - for non-commercial use only - registered to ag___@tu-berlin.de

Gurobi 12.0.2 (linux64, gurobi_cl) logging started Wed May 27 22:46:49 2026

Set parameter WLSAccessID
Set parameter WLSSecret
Set parameter LicenseID to value 938810
Set parameter LogFile to value "gurobi.log"
Using license file /home/users/a/agma/gurobi.lic
Academic license 938810 - for non-commercial use only - registered to ag___@tu-berlin.de

Gurobi 12.0.2 (linux64, gurobi_cl) logging started Wed May 27 22:50:09 2026

Set parameter WLSAccessID
Set parameter WLSSecret
Set parameter LicenseID to value 938810
Set parameter LogFile to value "gurobi.log"
Using license file /home/users/a/agma/gurobi.lic
Academic license 938810 - for non-commercial use only - registered to ag___@tu-berlin.de

Gurobi 12.0.2 (linux64, gurobi_cl) logging started Wed May 27 22:52:32 2026

Set parameter WLSAccessID
Set parameter WLSSecret
Set parameter LicenseID to value 938810
Set parameter LogFile to value "gurobi.log"
Using license file /home/users/a/agma/gurobi.lic
Academic license 938810 - for non-commercial use only - registered to ag___@tu-berlin.de

Gurobi 12.0.2 (linux64, gurobi_cl) logging started Wed May 27 22:55:34 2026

Set parameter WLSAccessID
Set parameter WLSSecret
Set parameter LicenseID to value 938810
Set parameter LogFile to value "gurobi.log"
Using license file /home/users/a/agma/gurobi.lic
Academic license 938810 - for non-commercial use only - registered to ag___@tu-berlin.de

Gurobi 12.0.2 (linux64, gurobi_cl) logging started Wed May 27 23:02:30 2026

Set parameter WLSAccessID
Set parameter WLSSecret
Set parameter LicenseID to value 938810
Set parameter LogFile to value "gurobi.log"
Using license file /home/users/a/agma/gurobi.lic
Academic license 938810 - for non-commercial use only - registered to ag___@tu-berlin.de

Gurobi 12.0.2 (linux64, gurobi_cl) logging started Wed May 27 23:03:45 2026

Set parameter WLSAccessID
Set parameter WLSSecret
Set parameter LicenseID to value 938810
Set parameter LogFile to value "gurobi.log"
Using license file /home/users/a/agma/gurobi.lic
Academic license 938810 - for non-commercial use only - registered to ag___@tu-berlin.de

Gurobi 12.0.2 (linux64, gurobi_cl) logging started Thu May 28 22:40:51 2026

Set parameter WLSAccessID
Set parameter WLSSecret
Set parameter LicenseID to value 938810
Set parameter LogFile to value "gurobi.log"
Using license file /home/users/a/agma/gurobi.lic
Academic license 938810 - for non-commercial use only - registered to ag___@tu-berlin.de

Gurobi 12.0.2 (linux64, gurobi_cl) logging started Thu May 28 22:56:59 2026

Set parameter WLSAccessID
Set parameter WLSSecret
Set parameter LicenseID to value 938810
Set parameter LogFile to value "gurobi.log"
Using license file /home/users/a/agma/gurobi.lic
Academic license 938810 - for non-commercial use only - registered to ag___@tu-berlin.de

Gurobi 12.0.2 (linux64, gurobi_cl) logging started Thu May 28 23:06:55 2026

Set parameter WLSAccessID
Set parameter WLSSecret
Set parameter LicenseID to value 938810
Set parameter LogFile to value "gurobi.log"
Using license file /home/users/a/agma/gurobi.lic
Academic license 938810 - for non-commercial use only - registered to ag___@tu-berlin.de

Gurobi 12.0.2 (linux64, gurobi_cl) logging started Thu May 28 23:36:06 2026

Set parameter WLSAccessID
Set parameter WLSSecret
Set parameter LicenseID to value 938810
Set parameter LogFile to value "gurobi.log"
Using license file /home/users/a/agma/gurobi.lic
Academic license 938810 - for non-commercial use only - registered to ag___@tu-berlin.de

Gurobi 12.0.2 (linux64, gurobi_cl) logging started Thu May 28 23:45:08 2026

Set parameter WLSAccessID
Set parameter WLSSecret
Set parameter LicenseID to value 938810
Set parameter LogFile to value "gurobi.log"
Using license file /home/users/a/agma/gurobi.lic
Academic license 938810 - for non-commercial use only - registered to ag___@tu-berlin.de

Gurobi 12.0.2 (linux64, gurobi_cl) logging started Fri May 29 00:02:00 2026

Set parameter WLSAccessID
Set parameter WLSSecret
Set parameter LicenseID to value 938810
Set parameter LogFile to value "gurobi.log"
Using license file /home/users/a/agma/gurobi.lic
Academic license 938810 - for non-commercial use only - registered to ag___@tu-berlin.de

Gurobi 12.0.2 (linux64, gurobi_cl) logging started Fri May 29 00:15:25 2026

Set parameter WLSAccessID
Set parameter WLSSecret
Set parameter LicenseID to value 938810
Set parameter LogFile to value "gurobi.log"
Using license file /home/users/a/agma/gurobi.lic
Academic license 938810 - for non-commercial use only - registered to ag___@tu-berlin.de

Gurobi 12.0.2 (linux64, gurobi_cl) logging started Fri May 29 00:22:56 2026

Set parameter WLSAccessID
Set parameter WLSSecret
Set parameter LicenseID to value 938810
Set parameter LogFile to value "gurobi.log"
Using license file /home/users/a/agma/gurobi.lic
Academic license 938810 - for non-commercial use only - registered to ag___@tu-berlin.de

Gurobi 12.0.2 (linux64, gurobi_cl) logging started Fri May 29 00:33:03 2026

Set parameter WLSAccessID
Set parameter WLSSecret
Set parameter LicenseID to value 938810
Set parameter LogFile to value "gurobi.log"
Using license file /home/users/a/agma/gurobi.lic
Academic license 938810 - for non-commercial use only - registered to ag___@tu-berlin.de

Gurobi 12.0.2 (linux64, gurobi_cl) logging started Sat Jun  6 01:12:19 2026

Set parameter WLSAccessID
Set parameter WLSSecret
Set parameter LicenseID to value 938810
Set parameter LogFile to value "gurobi.log"
Using license file /home/users/a/agma/gurobi.lic
Academic license 938810 - for non-commercial use only - registered to ag___@tu-berlin.de

Gurobi 12.0.2 (linux64, gurobi_cl) logging started Sat Jun  6 01:34:20 2026

Set parameter WLSAccessID
Set parameter WLSSecret
Set parameter LicenseID to value 938810
Set parameter LogFile to value "gurobi.log"
Using license file /home/users/a/agma/gurobi.lic
Academic license 938810 - for non-commercial use only - registered to ag___@tu-berlin.de

Gurobi 12.0.2 (linux64, gurobi_cl) logging started Sat Jun  6 01:42:21 2026

Set parameter WLSAccessID
Set parameter WLSSecret
Set parameter LicenseID to value 938810
Set parameter LogFile to value "gurobi.log"
Using license file /home/users/a/agma/gurobi.lic
Academic license 938810 - for non-commercial use only - registered to ag___@tu-berlin.de

Gurobi 12.0.2 (linux64, gurobi_cl) logging started Sat Jun  6 01:45:42 2026

Set parameter WLSAccessID
Set parameter WLSSecret
Set parameter LicenseID to value 938810
Set parameter LogFile to value "gurobi.log"
Using license file /home/users/a/agma/gurobi.lic
Academic license 938810 - for non-commercial use only - registered to ag___@tu-berlin.de

Gurobi 12.0.2 (linux64, gurobi_cl) logging started Sat Jun  6 01:48:17 2026

Set parameter WLSAccessID
Set parameter WLSSecret
Set parameter LicenseID to value 938810
Set parameter LogFile to value "gurobi.log"
Using license file /home/users/a/agma/gurobi.lic
Academic license 938810 - for non-commercial use only - registered to ag___@tu-berlin.de

Gurobi 12.0.2 (linux64, gurobi_cl) logging started Sat Jun  6 01:50:13 2026

Set parameter WLSAccessID
Set parameter WLSSecret
Set parameter LicenseID to value 938810
Set parameter LogFile to value "gurobi.log"
Using license file /home/users/a/agma/gurobi.lic
Academic license 938810 - for non-commercial use only - registered to ag___@tu-berlin.de

Gurobi 12.0.2 (linux64, gurobi_cl) logging started Sat Jun  6 02:46:03 2026

Set parameter WLSAccessID
Set parameter WLSSecret
Set parameter LicenseID to value 938810
Set parameter LogFile to value "gurobi.log"
Using license file /home/users/a/agma/gurobi.lic
Academic license 938810 - for non-commercial use only - registered to ag___@tu-berlin.de

Gurobi 12.0.2 (linux64, gurobi_cl) logging started Sat Jun  6 02:49:03 2026

Set parameter WLSAccessID
Set parameter WLSSecret
Set parameter LicenseID to value 938810
Set parameter LogFile to value "gurobi.log"
Using license file /home/users/a/agma/gurobi.lic
Academic license 938810 - for non-commercial use only - registered to ag___@tu-berlin.de

Gurobi 12.0.2 (linux64, gurobi_cl) logging started Sat Jun  6 02:50:46 2026

Set parameter WLSAccessID
Set parameter WLSSecret
Set parameter LicenseID to value 938810
Set parameter LogFile to value "gurobi.log"
Using license file /home/users/a/agma/gurobi.lic
Academic license 938810 - for non-commercial use only - registered to ag___@tu-berlin.de

Gurobi 12.0.2 (linux64, gurobi_cl) logging started Sat Jun  6 03:01:22 2026

Set parameter WLSAccessID
Set parameter WLSSecret
Set parameter LicenseID to value 938810
Set parameter LogFile to value "gurobi.log"
Using license file /home/users/a/agma/gurobi.lic
Academic license 938810 - for non-commercial use only - registered to ag___@tu-berlin.de

Gurobi 12.0.2 (linux64, gurobi_cl) logging started Sat Jun  6 03:14:02 2026

Set parameter WLSAccessID
Set parameter WLSSecret
Set parameter LicenseID to value 938810
Set parameter LogFile to value "gurobi.log"
Using license file /home/users/a/agma/gurobi.lic
Academic license 938810 - for non-commercial use only - registered to ag___@tu-berlin.de

Gurobi 12.0.2 (linux64, gurobi_cl) logging started Sat Jun  6 03:15:46 2026

Set parameter WLSAccessID
Set parameter WLSSecret
Set parameter LicenseID to value 938810
Set parameter LogFile to value "gurobi.log"
Using license file /home/users/a/agma/gurobi.lic
Academic license 938810 - for non-commercial use only - registered to ag___@tu-berlin.de

Gurobi 12.0.2 (linux64, gurobi_cl) logging started Sat Jun  6 03:18:51 2026

Set parameter WLSAccessID
Set parameter WLSSecret
Set parameter LicenseID to value 938810
Set parameter LogFile to value "gurobi.log"
Using license file /home/users/a/agma/gurobi.lic
Academic license 938810 - for non-commercial use only - registered to ag___@tu-berlin.de

Gurobi 12.0.2 (linux64, gurobi_cl) logging started Sat Jun  6 03:18:59 2026

Set parameter WLSAccessID
Set parameter WLSSecret
Set parameter LicenseID to value 938810
Set parameter LogFile to value "gurobi.log"
Using license file /home/users/a/agma/gurobi.lic
Academic license 938810 - for non-commercial use only - registered to ag___@tu-berlin.de

Gurobi 12.0.2 (linux64, gurobi_cl) logging started Sat Jun  6 03:20:43 2026

Set parameter WLSAccessID
Set parameter WLSSecret
Set parameter LicenseID to value 938810
Set parameter LogFile to value "gurobi.log"
Using license file /home/users/a/agma/gurobi.lic
Academic license 938810 - for non-commercial use only - registered to ag___@tu-berlin.de

Gurobi 12.0.2 (linux64, gurobi_cl) logging started Sat Jun  6 03:24:31 2026

Set parameter WLSAccessID
Set parameter WLSSecret
Set parameter LicenseID to value 938810
Set parameter LogFile to value "gurobi.log"
Using license file /home/users/a/agma/gurobi.lic
Academic license 938810 - for non-commercial use only - registered to ag___@tu-berlin.de

Gurobi 12.0.2 (linux64, gurobi_cl) logging started Sat Jun  6 03:24:42 2026

Set parameter WLSAccessID
Set parameter WLSSecret
Set parameter LicenseID to value 938810
Set parameter LogFile to value "gurobi.log"
Using license file /home/users/a/agma/gurobi.lic
Academic license 938810 - for non-commercial use only - registered to ag___@tu-berlin.de

Gurobi 12.0.2 (linux64, gurobi_cl) logging started Sat Jun  6 03:24:55 2026

Set parameter WLSAccessID
Set parameter WLSSecret
Set parameter LicenseID to value 938810
Set parameter LogFile to value "gurobi.log"
Using license file /home/users/a/agma/gurobi.lic
Academic license 938810 - for non-commercial use only - registered to ag___@tu-berlin.de

Gurobi 12.0.2 (linux64, gurobi_cl) logging started Sat Jun  6 03:26:56 2026

Set parameter WLSAccessID
Set parameter WLSSecret
Set parameter LicenseID to value 938810
Set parameter LogFile to value "gurobi.log"
Using license file /home/users/a/agma/gurobi.lic
Academic license 938810 - for non-commercial use only - registered to ag___@tu-berlin.de

Gurobi 12.0.2 (linux64, gurobi_cl) logging started Sat Jun  6 03:40:57 2026

Set parameter WLSAccessID
Set parameter WLSSecret
Set parameter LicenseID to value 938810
Set parameter LogFile to value "gurobi.log"
Using license file /home/users/a/agma/gurobi.lic
Academic license 938810 - for non-commercial use only - registered to ag___@tu-berlin.de

Gurobi 12.0.2 (linux64, gurobi_cl) logging started Sat Jun  6 03:44:32 2026

Set parameter WLSAccessID
Set parameter WLSSecret
Set parameter LicenseID to value 938810
Set parameter LogFile to value "gurobi.log"
Using license file /home/users/a/agma/gurobi.lic
Academic license 938810 - for non-commercial use only - registered to ag___@tu-berlin.de

Gurobi 12.0.2 (linux64, gurobi_cl) logging started Sat Jun  6 03:48:13 2026

Set parameter WLSAccessID
Set parameter WLSSecret
Set parameter LicenseID to value 938810
Set parameter LogFile to value "gurobi.log"
Using license file /home/users/a/agma/gurobi.lic
Academic license 938810 - for non-commercial use only - registered to ag___@tu-berlin.de

Gurobi 12.0.2 (linux64, gurobi_cl) logging started Sat Jun  6 04:00:59 2026

Set parameter WLSAccessID
Set parameter WLSSecret
Set parameter LicenseID to value 938810
Set parameter LogFile to value "gurobi.log"
Using license file /home/users/a/agma/gurobi.lic
Academic license 938810 - for non-commercial use only - registered to ag___@tu-berlin.de

Gurobi 12.0.2 (linux64, gurobi_cl) logging started Sat Jun  6 04:08:21 2026

Set parameter WLSAccessID
Set parameter WLSSecret
Set parameter LicenseID to value 938810
Set parameter LogFile to value "gurobi.log"
Using license file /home/users/a/agma/gurobi.lic
Academic license 938810 - for non-commercial use only - registered to ag___@tu-berlin.de

Gurobi 12.0.2 (linux64, gurobi_cl) logging started Sat Jun  6 04:15:17 2026

Set parameter WLSAccessID
Set parameter WLSSecret
Set parameter LicenseID to value 938810
Set parameter LogFile to value "gurobi.log"
Using license file /home/users/a/agma/gurobi.lic
Academic license 938810 - for non-commercial use only - registered to ag___@tu-berlin.de

Gurobi 12.0.2 (linux64, gurobi_cl) logging started Sat Jun  6 04:17:31 2026

Set parameter WLSAccessID
Set parameter WLSSecret
Set parameter LicenseID to value 938810
Set parameter LogFile to value "gurobi.log"
Using license file /home/users/a/agma/gurobi.lic
Academic license 938810 - for non-commercial use only - registered to ag___@tu-berlin.de

Gurobi 12.0.2 (linux64, gurobi_cl) logging started Sat Jun  6 04:21:43 2026

Set parameter WLSAccessID
Set parameter WLSSecret
Set parameter LicenseID to value 938810
Set parameter LogFile to value "gurobi.log"
Using license file /home/users/a/agma/gurobi.lic
Academic license 938810 - for non-commercial use only - registered to ag___@tu-berlin.de

Gurobi 12.0.2 (linux64, gurobi_cl) logging started Sat Jun  6 04:36:55 2026

Set parameter WLSAccessID
Set parameter WLSSecret
Set parameter LicenseID to value 938810
Set parameter LogFile to value "gurobi.log"
Using license file /home/users/a/agma/gurobi.lic
Academic license 938810 - for non-commercial use only - registered to ag___@tu-berlin.de

Gurobi 12.0.2 (linux64, gurobi_cl) logging started Sat Jun  6 04:43:42 2026

Set parameter WLSAccessID
Set parameter WLSSecret
Set parameter LicenseID to value 938810
Set parameter LogFile to value "gurobi.log"
Using license file /home/users/a/agma/gurobi.lic
Academic license 938810 - for non-commercial use only - registered to ag___@tu-berlin.de

Gurobi 12.0.2 (linux64, gurobi_cl) logging started Sat Jun  6 04:48:20 2026

Set parameter WLSAccessID
Set parameter WLSSecret
Set parameter LicenseID to value 938810
Set parameter LogFile to value "gurobi.log"
Using license file /home/users/a/agma/gurobi.lic
Academic license 938810 - for non-commercial use only - registered to ag___@tu-berlin.de

Gurobi 12.0.2 (linux64, gurobi_cl) logging started Sat Jun  6 12:57:06 2026

Set parameter WLSAccessID
Set parameter WLSSecret
Set parameter LicenseID to value 938810
Set parameter LogFile to value "gurobi.log"
Using license file /home/users/a/agma/gurobi.lic
Academic license 938810 - for non-commercial use only - registered to ag___@tu-berlin.de

Gurobi 12.0.2 (linux64, gurobi_cl) logging started Sat Jun  6 13:32:36 2026

Set parameter WLSAccessID
Set parameter WLSSecret
Set parameter LicenseID to value 938810
Set parameter LogFile to value "gurobi.log"
Using license file /home/users/a/agma/gurobi.lic
Academic license 938810 - for non-commercial use only - registered to ag___@tu-berlin.de

Gurobi 12.0.2 (linux64, gurobi_cl) logging started Sat Jun  6 13:43:45 2026

Set parameter WLSAccessID
Set parameter WLSSecret
Set parameter LicenseID to value 938810
Set parameter LogFile to value "gurobi.log"
Using license file /home/users/a/agma/gurobi.lic
Academic license 938810 - for non-commercial use only - registered to ag___@tu-berlin.de

Gurobi 12.0.2 (linux64, gurobi_cl) logging started Sat Jun  6 13:54:56 2026

Set parameter WLSAccessID
Set parameter WLSSecret
Set parameter LicenseID to value 938810
Set parameter LogFile to value "gurobi.log"
Using license file /home/users/a/agma/gurobi.lic
Academic license 938810 - for non-commercial use only - registered to ag___@tu-berlin.de

Gurobi 12.0.2 (linux64, gurobi_cl) logging started Sat Jun  6 16:08:02 2026

Set parameter WLSAccessID
Set parameter WLSSecret
Set parameter LicenseID to value 938810
Set parameter LogFile to value "gurobi.log"
Using license file /home/users/a/agma/gurobi.lic
Academic license 938810 - for non-commercial use only - registered to ag___@tu-berlin.de

Gurobi 12.0.2 (linux64, gurobi_cl) logging started Sat Jun  6 17:00:43 2026

Set parameter WLSAccessID
Set parameter WLSSecret
Set parameter LicenseID to value 938810
Set parameter LogFile to value "gurobi.log"
Using license file /home/users/a/agma/gurobi.lic
Academic license 938810 - for non-commercial use only - registered to ag___@tu-berlin.de

Gurobi 12.0.2 (linux64, gurobi_cl) logging started Sat Jun  6 17:05:27 2026

Set parameter WLSAccessID
Set parameter WLSSecret
Set parameter LicenseID to value 938810
Set parameter LogFile to value "gurobi.log"
Using license file /home/users/a/agma/gurobi.lic
Academic license 938810 - for non-commercial use only - registered to ag___@tu-berlin.de

Gurobi 12.0.2 (linux64, gurobi_cl) logging started Sat Jun  6 17:08:34 2026

Set parameter WLSAccessID
Set parameter WLSSecret
Set parameter LicenseID to value 938810
Set parameter LogFile to value "gurobi.log"
Using license file /home/users/a/agma/gurobi.lic
Academic license 938810 - for non-commercial use only - registered to ag___@tu-berlin.de

Gurobi 12.0.2 (linux64, gurobi_cl) logging started Sat Jun  6 17:16:46 2026

Set parameter WLSAccessID
Set parameter WLSSecret
Set parameter LicenseID to value 938810
Set parameter LogFile to value "gurobi.log"
Using license file /home/users/a/agma/gurobi.lic
Academic license 938810 - for non-commercial use only - registered to ag___@tu-berlin.de

Gurobi 12.0.2 (linux64, gurobi_cl) logging started Sat Jun  6 17:19:51 2026

Set parameter WLSAccessID
Set parameter WLSSecret
Set parameter LicenseID to value 938810
Set parameter LogFile to value "gurobi.log"
Using license file /home/users/a/agma/gurobi.lic
Academic license 938810 - for non-commercial use only - registered to ag___@tu-berlin.de

Gurobi 12.0.2 (linux64, gurobi_cl) logging started Sat Jun  6 17:20:49 2026

Set parameter WLSAccessID
Set parameter WLSSecret
Set parameter LicenseID to value 938810
Set parameter LogFile to value "gurobi.log"
Using license file /home/users/a/agma/gurobi.lic
Academic license 938810 - for non-commercial use only - registered to ag___@tu-berlin.de

Gurobi 12.0.2 (linux64, gurobi_cl) logging started Sat Jun  6 18:07:37 2026

Set parameter WLSAccessID
Set parameter WLSSecret
Set parameter LicenseID to value 938810
Set parameter LogFile to value "gurobi.log"
Using license file /home/users/a/agma/gurobi.lic
Academic license 938810 - for non-commercial use only - registered to ag___@tu-berlin.de

Gurobi 12.0.2 (linux64, gurobi_cl) logging started Sat Jun  6 18:11:17 2026

Set parameter WLSAccessID
Set parameter WLSSecret
Set parameter LicenseID to value 938810
Set parameter LogFile to value "gurobi.log"
Using license file /home/users/a/agma/gurobi.lic
Academic license 938810 - for non-commercial use only - registered to ag___@tu-berlin.de

Gurobi 12.0.2 (linux64, gurobi_cl) logging started Sat Jun  6 18:25:15 2026

Set parameter WLSAccessID
Set parameter WLSSecret
Set parameter LicenseID to value 938810
Set parameter LogFile to value "gurobi.log"
Using license file /home/users/a/agma/gurobi.lic
Academic license 938810 - for non-commercial use only - registered to ag___@tu-berlin.de

Gurobi 12.0.2 (linux64, gurobi_cl) logging started Sat Jun  6 18:53:12 2026

Set parameter WLSAccessID
Set parameter WLSSecret
Set parameter LicenseID to value 938810
Set parameter LogFile to value "gurobi.log"
Using license file /home/users/a/agma/gurobi.lic
Academic license 938810 - for non-commercial use only - registered to ag___@tu-berlin.de

Gurobi 12.0.2 (linux64, gurobi_cl) logging started Sat Jun  6 19:02:55 2026

Set parameter WLSAccessID
Set parameter WLSSecret
Set parameter LicenseID to value 938810
Set parameter LogFile to value "gurobi.log"
Using license file /home/users/a/agma/gurobi.lic
Academic license 938810 - for non-commercial use only - registered to ag___@tu-berlin.de

Gurobi 12.0.2 (linux64, gurobi_cl) logging started Sat Jun  6 19:10:12 2026

Set parameter WLSAccessID
Set parameter WLSSecret
Set parameter LicenseID to value 938810
Set parameter LogFile to value "gurobi.log"
Using license file /home/users/a/agma/gurobi.lic
Academic license 938810 - for non-commercial use only - registered to ag___@tu-berlin.de

Gurobi 12.0.2 (linux64, gurobi_cl) logging started Sun Jun  7 13:58:59 2026

Set parameter WLSAccessID
Set parameter WLSSecret
Set parameter LicenseID to value 938810
Set parameter LogFile to value "gurobi.log"
Using license file /home/users/a/agma/gurobi.lic
Academic license 938810 - for non-commercial use only - registered to ag___@tu-berlin.de

Gurobi 12.0.2 (linux64, gurobi_cl) logging started Sun Jun  7 14:00:31 2026

Set parameter WLSAccessID
Set parameter WLSSecret
Set parameter LicenseID to value 938810
Set parameter LogFile to value "gurobi.log"
Using license file /home/users/a/agma/gurobi.lic
Academic license 938810 - for non-commercial use only - registered to ag___@tu-berlin.de

Gurobi 12.0.2 (linux64, gurobi_cl) logging started Sun Jun  7 16:17:58 2026

Set parameter WLSAccessID
Set parameter WLSSecret
Set parameter LicenseID to value 938810
Set parameter LogFile to value "gurobi.log"
Using license file /home/users/a/agma/gurobi.lic
Academic license 938810 - for non-commercial use only - registered to ag___@tu-berlin.de

Gurobi 12.0.2 (linux64, gurobi_cl) logging started Sun Jun  7 16:37:00 2026

Set parameter WLSAccessID
Set parameter WLSSecret
Set parameter LicenseID to value 938810
Set parameter LogFile to value "gurobi.log"
Using license file /home/users/a/agma/gurobi.lic
Academic license 938810 - for non-commercial use only - registered to ag___@tu-berlin.de

Gurobi 12.0.2 (linux64, gurobi_cl) logging started Sun Jun  7 18:16:21 2026

Set parameter WLSAccessID
Set parameter WLSSecret
Set parameter LicenseID to value 938810
Set parameter LogFile to value "gurobi.log"
Using license file /home/users/a/agma/gurobi.lic
Academic license 938810 - for non-commercial use only - registered to ag___@tu-berlin.de

Gurobi 12.0.2 (linux64, gurobi_cl) logging started Sun Jun  7 19:16:46 2026

Set parameter WLSAccessID
Set parameter WLSSecret
Set parameter LicenseID to value 938810
Set parameter LogFile to value "gurobi.log"
Using license file /home/users/a/agma/gurobi.lic
Academic license 938810 - for non-commercial use only - registered to ag___@tu-berlin.de

Gurobi 12.0.2 (linux64, gurobi_cl) logging started Sun Jun  7 19:54:18 2026

Set parameter WLSAccessID
Set parameter WLSSecret
Set parameter LicenseID to value 938810
Set parameter LogFile to value "gurobi.log"
Using license file /home/users/a/agma/gurobi.lic
Academic license 938810 - for non-commercial use only - registered to ag___@tu-berlin.de

Gurobi 12.0.2 (linux64, gurobi_cl) logging started Sun Jun  7 20:08:13 2026

Set parameter WLSAccessID
Set parameter WLSSecret
Set parameter LicenseID to value 938810
Set parameter LogFile to value "gurobi.log"
Using license file /home/users/a/agma/gurobi.lic
Academic license 938810 - for non-commercial use only - registered to ag___@tu-berlin.de

Gurobi 12.0.2 (linux64, gurobi_cl) logging started Sun Jun  7 20:16:21 2026

Set parameter WLSAccessID
Set parameter WLSSecret
Set parameter LicenseID to value 938810
Set parameter LogFile to value "gurobi.log"
Using license file /home/users/a/agma/gurobi.lic
Academic license 938810 - for non-commercial use only - registered to ag___@tu-berlin.de

Gurobi 12.0.2 (linux64, gurobi_cl) logging started Sun Jun  7 20:32:57 2026

Set parameter WLSAccessID
Set parameter WLSSecret
Set parameter LicenseID to value 938810
Set parameter LogFile to value "gurobi.log"
Using license file /home/users/a/agma/gurobi.lic
Academic license 938810 - for non-commercial use only - registered to ag___@tu-berlin.de

Gurobi 12.0.2 (linux64, gurobi_cl) logging started Sun Jun  7 20:47:45 2026

Set parameter WLSAccessID
Set parameter WLSSecret
Set parameter LicenseID to value 938810
Set parameter LogFile to value "gurobi.log"
Using license file /home/users/a/agma/gurobi.lic
Academic license 938810 - for non-commercial use only - registered to ag___@tu-berlin.de

Gurobi 12.0.2 (linux64, gurobi_cl) logging started Sun Jun  7 21:13:24 2026

Set parameter WLSAccessID
Set parameter WLSSecret
Set parameter LicenseID to value 938810
Set parameter LogFile to value "gurobi.log"
Using license file /home/users/a/agma/gurobi.lic
Academic license 938810 - for non-commercial use only - registered to ag___@tu-berlin.de

Gurobi 12.0.2 (linux64, gurobi_cl) logging started Sun Jun  7 21:19:24 2026

Set parameter WLSAccessID
Set parameter WLSSecret
Set parameter LicenseID to value 938810
Set parameter LogFile to value "gurobi.log"
Using license file /home/users/a/agma/gurobi.lic
Academic license 938810 - for non-commercial use only - registered to ag___@tu-berlin.de

Gurobi 12.0.2 (linux64, gurobi_cl) logging started Sun Jun  7 21:27:49 2026

Set parameter WLSAccessID
Set parameter WLSSecret
Set parameter LicenseID to value 938810
Set parameter LogFile to value "gurobi.log"
Using license file /home/users/a/agma/gurobi.lic
Academic license 938810 - for non-commercial use only - registered to ag___@tu-berlin.de

Gurobi 12.0.2 (linux64, gurobi_cl) logging started Sun Jun  7 21:39:26 2026

Set parameter WLSAccessID
Set parameter WLSSecret
Set parameter LicenseID to value 938810
Set parameter LogFile to value "gurobi.log"
Using license file /home/users/a/agma/gurobi.lic
Academic license 938810 - for non-commercial use only - registered to ag___@tu-berlin.de
